2026-05-19T01:19:27.221-04:00  INFO 16552 --- [notificador] [main] c.m.notificador.NotificadorApplication   : Starting NotificadorApplication using Java 26 with PID 16552 (C:\Users\Sam\Desktop\Github_MadoScientista\app-material-fisica\notificador\target\classes started by Sam in C:\Users\Sam\Desktop\Github_MadoScientista\app-material-fisica)
2026-05-19T01:19:27.223-04:00 DEBUG 16552 --- [notificador] [main] c.m.notificador.NotificadorApplication   : Running with Spring Boot v4.0.6, Spring v7.0.7
2026-05-19T01:19:27.224-04:00  INFO 16552 --- [notificador] [main] c.m.notificador.NotificadorApplication   : No active profile set, falling back to 1 default profile: "default"
2026-05-19T01:19:28.120-04:00  INFO 16552 --- [notificador] [main] .s.d.r.c.RepositoryConfigurationDelegate : Bootstrapping Spring Data JPA repositories in DEFAULT mode.
2026-05-19T01:19:28.177-04:00  INFO 16552 --- [notificador] [main] .s.d.r.c.RepositoryConfigurationDelegate : Finished Spring Data repository scanning in 46 ms. Found 2 JPA repository interfaces.
2026-05-19T01:19:28.421-04:00  INFO 16552 --- [notificador] [main] o.s.cloud.context.scope.GenericScope     : BeanFactory id=b8bc1b60-9781-358a-94d2-3ebb7431eb11
2026-05-19T01:19:28.853-04:00  INFO 16552 --- [notificador] [main] o.s.boot.tomcat.TomcatWebServer          : Tomcat initialized with port 8085 (http)
2026-05-19T01:19:28.875-04:00  INFO 16552 --- [notificador] [main] o.apache.catalina.core.StandardService   : Starting service [Tomcat]
2026-05-19T01:19:28.876-04:00  INFO 16552 --- [notificador] [main] o.apache.catalina.core.StandardEngine    : Starting Servlet engine: [Apache Tomcat/11.0.21]
2026-05-19T01:19:28.942-04:00  INFO 16552 --- [notificador] [main] b.w.c.s.WebApplicationContextInitializer : Root WebApplicationContext: initialization completed in 1678 ms
2026-05-19T01:19:29.602-04:00  INFO 16552 --- [notificador] [main] com.zaxxer.hikari.HikariDataSource       : HikariPool-1 - Starting...
2026-05-19T01:19:29.927-04:00  INFO 16552 --- [notificador] [main] com.zaxxer.hikari.pool.HikariPool        : HikariPool-1 - Added connection com.mysql.cj.jdbc.ConnectionImpl@6ad112de
2026-05-19T01:19:29.929-04:00  INFO 16552 --- [notificador] [main] com.zaxxer.hikari.HikariDataSource       : HikariPool-1 - Start completed.
2026-05-19T01:19:29.976-04:00  INFO 16552 --- [notificador] [main] org.flywaydb.core.FlywayExecutor         : Database: jdbc:mysql://localhost:3306/notificador_db?createDatabaseIfNotExist=true (MySQL 8.0)
2026-05-19T01:19:30.076-04:00  INFO 16552 --- [notificador] [main] o.f.core.internal.command.DbValidate     : Successfully validated 4 migrations (execution time 00:00.043s)
2026-05-19T01:19:30.092-04:00  INFO 16552 --- [notificador] [main] o.f.core.internal.command.DbMigrate      : Current version of schema `notificador_db`: 4
2026-05-19T01:19:30.098-04:00  INFO 16552 --- [notificador] [main] o.f.core.internal.command.DbMigrate      : Schema `notificador_db` is up to date. No migration necessary.
2026-05-19T01:19:30.197-04:00  INFO 16552 --- [notificador] [main] org.hibernate.orm.jpa                    : HHH008540: Processing PersistenceUnitInfo [name: default]
2026-05-19T01:19:30.244-04:00  INFO 16552 --- [notificador] [main] org.hibernate.orm.core                   : HHH000001: Hibernate ORM core version 7.2.12.Final
2026-05-19T01:19:30.592-04:00  INFO 16552 --- [notificador] [main] o.s.o.j.p.SpringPersistenceUnitInfo      : No LoadTimeWeaver setup: ignoring JPA class transformer
2026-05-19T01:19:30.685-04:00  WARN 16552 --- [notificador] [main] org.hibernate.orm.deprecation            : HHH90000025: MySQLDialect does not need to be specified explicitly using 'hibernate.dialect' (remove the property setting and it will be selected by default)
2026-05-19T01:19:30.696-04:00  INFO 16552 --- [notificador] [main] org.hibernate.orm.connections.pooling    : HHH10001005: Database info:
	Database JDBC URL [jdbc:mysql://localhost:3306/notificador_db?createDatabaseIfNotExist=true]
	Database driver: MySQL Connector/J
	Database dialect: MySQLDialect
	Database version: 8.0.46
	Default catalog/schema: notificador_db/undefined
	Autocommit mode: undefined/unknown
	Isolation level: REPEATABLE_READ [default REPEATABLE_READ]
	JDBC fetch size: none
	Pool: DataSourceConnectionProvider
	Minimum pool size: undefined/unknown
	Maximum pool size: undefined/unknown
2026-05-19T01:19:31.385-04:00  INFO 16552 --- [notificador] [main] org.hibernate.orm.core                   : HHH000489: No JTA platform available (set 'hibernate.transaction.jta.platform' to enable JTA platform integration)
2026-05-19T01:19:31.392-04:00  INFO 16552 --- [notificador] [main] j.LocalContainerEntityManagerFactoryBean : Initialized JPA EntityManagerFactory for persistence unit 'default'
2026-05-19T01:19:31.460-04:00  INFO 16552 --- [notificador] [main] o.s.d.j.r.query.QueryEnhancerFactories   : Hibernate is in classpath; If applicable, HQL parser will be used.
2026-05-19T01:19:31.710-04:00  WARN 16552 --- [notificador] [main] JpaBaseConfiguration$JpaWebConfiguration : spring.jpa.open-in-view is enabled by default. Therefore, database queries may be performed during view rendering. Explicitly configure spring.jpa.open-in-view to disable this warning
2026-05-19T01:19:33.332-04:00  INFO 16552 --- [notificador] [main] o.s.cloud.commons.util.InetUtils         : Cannot determine local hostname
2026-05-19T01:19:33.351-04:00  INFO 16552 --- [notificador] [main] o.s.b.a.e.web.EndpointLinksResolver      : Exposing 1 endpoint beneath base path '/actuator'
2026-05-19T01:19:33.426-04:00  INFO 16552 --- [notificador] [main] o.s.boot.tomcat.TomcatWebServer          : Tomcat started on port 8085 (http) with context path '/'
2026-05-19T01:19:34.432-04:00  INFO 16552 --- [notificador] [main] o.s.cloud.commons.util.InetUtils         : Cannot determine local hostname
2026-05-19T01:19:34.439-04:00  INFO 16552 --- [notificador] [main] c.m.notificador.NotificadorApplication   : Started NotificadorApplication in 8.596 seconds (process running for 9.186)
2026-05-19T01:19:35.138-04:00  INFO 16552 --- [notificador] [RMI TCP Connection(2)-127.0.0.1] o.a.c.c.C.[Tomcat].[localhost].[/]       : Initializing Spring DispatcherServlet 'dispatcherServlet'
2026-05-19T01:19:35.138-04:00  INFO 16552 --- [notificador] [RMI TCP Connection(2)-127.0.0.1] o.s.web.servlet.DispatcherServlet        : Initializing Servlet 'dispatcherServlet'
2026-05-19T01:19:35.141-04:00  INFO 16552 --- [notificador] [RMI TCP Connection(2)-127.0.0.1] o.s.web.servlet.DispatcherServlet        : Completed initialization in 3 ms
2026-05-19T01:25:10.250-04:00 DEBUG 16552 --- [notificador] [http-nio-8085-exec-2] c.m.n.controller.NotificacionController  : Solicitud de creación de notificaciones con los siguientes datos RequestEventoDTO(idTipoEvento=19, idUsuarioOrigen=14, idUsuarioDestino=[14])
2026-05-19T01:25:10.628-04:00 DEBUG 16552 --- [notificador] [http-nio-8085-exec-2] org.hibernate.SQL                        : 
    select
        tn1_0.id_tipo_notificacion,
        tn1_0.canal,
        tn1_0.descripcion,
        tn1_0.id_tipo_evento,
        tn1_0.plantilla_mensaje 
    from
        tipo_notificacion tn1_0 
    where
        tn1_0.id_tipo_evento=?
2026-05-19T01:25:10.793-04:00  WARN 16552 --- [notificador] [http-nio-8085-exec-2] c.m.n.service.NotificacionService        : ms-usuarios no disponible, usando IDs como nombre de usuario
2026-05-19T01:25:10.835-04:00 DEBUG 16552 --- [notificador] [http-nio-8085-exec-2] org.hibernate.SQL                        : 
    insert 
    into
        notificacion
        (fecha_creacion, fecha_lectura, id_usuario_destino, id_usuario_origen, leido, mensaje, id_tipo_notificacion) 
    values
        (?, ?, ?, ?, ?, ?, ?)
2026-05-19T01:25:10.864-04:00 DEBUG 16552 --- [notificador] [http-nio-8085-exec-2] org.hibernate.SQL                        : 
    insert 
    into
        notificacion
        (fecha_creacion, fecha_lectura, id_usuario_destino, id_usuario_origen, leido, mensaje, id_tipo_notificacion) 
    values
        (?, ?, ?, ?, ?, ?, ?)
2026-05-19T01:25:10.884-04:00 DEBUG 16552 --- [notificador] [http-nio-8085-exec-2] c.m.n.controller.NotificacionController  : Norificaciones creadas [ResponseNotificacionDTO(idNotificacion=13, idUsuario=14, fecha=2026-05-19T01:25:10.815120, mensaje=Nuevo item de ejercicio creado, leido=false), ResponseNotificacionDTO(idNotificacion=14, idUsuario=14, fecha=2026-05-19T01:25:10.864199, mensaje=Felicidades 14, has creado un nuevo item de ejercicio, leido=false)] 
2026-05-19T01:40:53.866-04:00  INFO 22860 --- [notificador] [main] c.m.notificador.NotificadorApplication   : Starting NotificadorApplication using Java 26 with PID 22860 (C:\Users\Sam\Desktop\Github_MadoScientista\app-material-fisica\notificador\target\classes started by Sam in C:\Users\Sam\Desktop\Github_MadoScientista\app-material-fisica)
2026-05-19T01:40:53.868-04:00 DEBUG 22860 --- [notificador] [main] c.m.notificador.NotificadorApplication   : Running with Spring Boot v4.0.6, Spring v7.0.7
2026-05-19T01:40:53.869-04:00  INFO 22860 --- [notificador] [main] c.m.notificador.NotificadorApplication   : No active profile set, falling back to 1 default profile: "default"
2026-05-19T01:40:54.696-04:00  INFO 22860 --- [notificador] [main] .s.d.r.c.RepositoryConfigurationDelegate : Bootstrapping Spring Data JPA repositories in DEFAULT mode.
2026-05-19T01:40:54.742-04:00  INFO 22860 --- [notificador] [main] .s.d.r.c.RepositoryConfigurationDelegate : Finished Spring Data repository scanning in 38 ms. Found 2 JPA repository interfaces.
2026-05-19T01:40:54.942-04:00  INFO 22860 --- [notificador] [main] o.s.cloud.context.scope.GenericScope     : BeanFactory id=b8bc1b60-9781-358a-94d2-3ebb7431eb11
2026-05-19T01:40:55.358-04:00  INFO 22860 --- [notificador] [main] o.s.boot.tomcat.TomcatWebServer          : Tomcat initialized with port 8085 (http)
2026-05-19T01:40:55.373-04:00  INFO 22860 --- [notificador] [main] o.apache.catalina.core.StandardService   : Starting service [Tomcat]
2026-05-19T01:40:55.374-04:00  INFO 22860 --- [notificador] [main] o.apache.catalina.core.StandardEngine    : Starting Servlet engine: [Apache Tomcat/11.0.21]
2026-05-19T01:40:55.434-04:00  INFO 22860 --- [notificador] [main] b.w.c.s.WebApplicationContextInitializer : Root WebApplicationContext: initialization completed in 1526 ms
2026-05-19T01:40:56.091-04:00  INFO 22860 --- [notificador] [main] com.zaxxer.hikari.HikariDataSource       : HikariPool-1 - Starting...
2026-05-19T01:40:56.543-04:00  INFO 22860 --- [notificador] [main] com.zaxxer.hikari.pool.HikariPool        : HikariPool-1 - Added connection com.mysql.cj.jdbc.ConnectionImpl@6b6fd0
2026-05-19T01:40:56.547-04:00  INFO 22860 --- [notificador] [main] com.zaxxer.hikari.HikariDataSource       : HikariPool-1 - Start completed.
2026-05-19T01:40:56.603-04:00  INFO 22860 --- [notificador] [main] org.flywaydb.core.FlywayExecutor         : Database: jdbc:mysql://localhost:3306/notificador_db?createDatabaseIfNotExist=true (MySQL 8.0)
2026-05-19T01:40:56.714-04:00  INFO 22860 --- [notificador] [main] o.f.c.i.s.JdbcTableSchemaHistory         : Schema history table `notificador_db`.`flyway_schema_history` does not exist yet
2026-05-19T01:40:56.719-04:00  INFO 22860 --- [notificador] [main] o.f.core.internal.command.DbValidate     : Successfully validated 4 migrations (execution time 00:00.042s)
2026-05-19T01:40:56.749-04:00  INFO 22860 --- [notificador] [main] o.f.c.i.s.JdbcTableSchemaHistory         : Creating Schema History table `notificador_db`.`flyway_schema_history` ...
2026-05-19T01:40:56.829-04:00  INFO 22860 --- [notificador] [main] o.f.core.internal.command.DbMigrate      : Current version of schema `notificador_db`: << Empty Schema >>
2026-05-19T01:40:56.850-04:00  INFO 22860 --- [notificador] [main] o.f.core.internal.command.DbMigrate      : Migrating schema `notificador_db` to version "1 - init"
2026-05-19T01:40:56.864-04:00  WARN 22860 --- [notificador] [main] o.f.c.i.s.DefaultSqlScriptExecutor       : DB: Can't create database 'notificador_db'; database exists (SQL State: HY000 - Error Code: 1007)
2026-05-19T01:40:56.978-04:00  INFO 22860 --- [notificador] [main] o.f.core.internal.command.DbMigrate      : Migrating schema `notificador_db` to version "2 - agregar notificacion logro"
2026-05-19T01:40:57.012-04:00  INFO 22860 --- [notificador] [main] o.f.core.internal.command.DbMigrate      : Migrating schema `notificador_db` to version "3 - agregar notificacion comunidad"
2026-05-19T01:40:57.050-04:00  INFO 22860 --- [notificador] [main] o.f.core.internal.command.DbMigrate      : Migrating schema `notificador_db` to version "4 - agregar notificacion material"
2026-05-19T01:40:57.080-04:00  INFO 22860 --- [notificador] [main] o.f.core.internal.command.DbMigrate      : Successfully applied 4 migrations to schema `notificador_db`, now at version v4 (execution time 00:00.119s)
2026-05-19T01:40:57.180-04:00  INFO 22860 --- [notificador] [main] org.hibernate.orm.jpa                    : HHH008540: Processing PersistenceUnitInfo [name: default]
2026-05-19T01:40:57.231-04:00  INFO 22860 --- [notificador] [main] org.hibernate.orm.core                   : HHH000001: Hibernate ORM core version 7.2.12.Final
2026-05-19T01:40:57.663-04:00  INFO 22860 --- [notificador] [main] o.s.o.j.p.SpringPersistenceUnitInfo      : No LoadTimeWeaver setup: ignoring JPA class transformer
2026-05-19T01:40:57.706-04:00  WARN 22860 --- [notificador] [main] org.hibernate.orm.deprecation            : HHH90000025: MySQLDialect does not need to be specified explicitly using 'hibernate.dialect' (remove the property setting and it will be selected by default)
2026-05-19T01:40:57.717-04:00  INFO 22860 --- [notificador] [main] org.hibernate.orm.connections.pooling    : HHH10001005: Database info:
	Database JDBC URL [jdbc:mysql://localhost:3306/notificador_db?createDatabaseIfNotExist=true]
	Database driver: MySQL Connector/J
	Database dialect: MySQLDialect
	Database version: 8.0.46
	Default catalog/schema: notificador_db/undefined
	Autocommit mode: undefined/unknown
	Isolation level: REPEATABLE_READ [default REPEATABLE_READ]
	JDBC fetch size: none
	Pool: DataSourceConnectionProvider
	Minimum pool size: undefined/unknown
	Maximum pool size: undefined/unknown
2026-05-19T01:40:58.420-04:00  INFO 22860 --- [notificador] [main] org.hibernate.orm.core                   : HHH000489: No JTA platform available (set 'hibernate.transaction.jta.platform' to enable JTA platform integration)
2026-05-19T01:40:58.426-04:00  INFO 22860 --- [notificador] [main] j.LocalContainerEntityManagerFactoryBean : Initialized JPA EntityManagerFactory for persistence unit 'default'
2026-05-19T01:40:58.487-04:00  INFO 22860 --- [notificador] [main] o.s.d.j.r.query.QueryEnhancerFactories   : Hibernate is in classpath; If applicable, HQL parser will be used.
2026-05-19T01:40:58.774-04:00  WARN 22860 --- [notificador] [main] JpaBaseConfiguration$JpaWebConfiguration : spring.jpa.open-in-view is enabled by default. Therefore, database queries may be performed during view rendering. Explicitly configure spring.jpa.open-in-view to disable this warning
2026-05-19T01:41:00.433-04:00  INFO 22860 --- [notificador] [main] o.s.cloud.commons.util.InetUtils         : Cannot determine local hostname
2026-05-19T01:41:00.452-04:00  INFO 22860 --- [notificador] [main] o.s.b.a.e.web.EndpointLinksResolver      : Exposing 1 endpoint beneath base path '/actuator'
2026-05-19T01:41:00.520-04:00  INFO 22860 --- [notificador] [main] o.s.boot.tomcat.TomcatWebServer          : Tomcat started on port 8085 (http) with context path '/'
2026-05-19T01:41:01.524-04:00  INFO 22860 --- [notificador] [main] o.s.cloud.commons.util.InetUtils         : Cannot determine local hostname
2026-05-19T01:41:01.531-04:00  INFO 22860 --- [notificador] [main] c.m.notificador.NotificadorApplication   : Started NotificadorApplication in 9.023 seconds (process running for 9.605)
2026-05-19T01:41:01.772-04:00  INFO 22860 --- [notificador] [RMI TCP Connection(2)-127.0.0.1] o.a.c.c.C.[Tomcat].[localhost].[/]       : Initializing Spring DispatcherServlet 'dispatcherServlet'
2026-05-19T01:41:01.772-04:00  INFO 22860 --- [notificador] [RMI TCP Connection(2)-127.0.0.1] o.s.web.servlet.DispatcherServlet        : Initializing Servlet 'dispatcherServlet'
2026-05-19T01:41:01.774-04:00  INFO 22860 --- [notificador] [RMI TCP Connection(2)-127.0.0.1] o.s.web.servlet.DispatcherServlet        : Completed initialization in 0 ms
2026-05-19T01:42:16.717-04:00 DEBUG 22860 --- [notificador] [http-nio-8085-exec-1] c.m.n.controller.NotificacionController  : Solicitud de creación de notificaciones con los siguientes datos RequestEventoDTO(idTipoEvento=8, idUsuarioOrigen=13, idUsuarioDestino=[13])
2026-05-19T01:42:17.113-04:00 DEBUG 22860 --- [notificador] [http-nio-8085-exec-1] org.hibernate.SQL                        : 
    select
        tn1_0.id_tipo_notificacion,
        tn1_0.canal,
        tn1_0.descripcion,
        tn1_0.id_tipo_evento,
        tn1_0.plantilla_mensaje 
    from
        tipo_notificacion tn1_0 
    where
        tn1_0.id_tipo_evento=?
2026-05-19T01:42:17.329-04:00 DEBUG 22860 --- [notificador] [http-nio-8085-exec-1] org.hibernate.SQL                        : 
    insert 
    into
        notificacion
        (fecha_creacion, fecha_lectura, id_usuario_destino, id_usuario_origen, leido, mensaje, id_tipo_notificacion) 
    values
        (?, ?, ?, ?, ?, ?, ?)
2026-05-19T01:42:17.344-04:00 DEBUG 22860 --- [notificador] [http-nio-8085-exec-1] org.hibernate.SQL                        : 
    insert 
    into
        notificacion
        (fecha_creacion, fecha_lectura, id_usuario_destino, id_usuario_origen, leido, mensaje, id_tipo_notificacion) 
    values
        (?, ?, ?, ?, ?, ?, ?)
2026-05-19T01:42:17.365-04:00 DEBUG 22860 --- [notificador] [http-nio-8085-exec-1] c.m.n.controller.NotificacionController  : Norificaciones creadas [ResponseNotificacionDTO(idNotificacion=1, idUsuario=13, fecha=2026-05-19T01:42:17.323938, mensaje=Tu suscripción ha sido activada, leido=false), ResponseNotificacionDTO(idNotificacion=2, idUsuario=13, fecha=2026-05-19T01:42:17.344787, mensaje=Hola Sam 1993, tu suscripción ha sido activada exitosamente, leido=false)] 
2026-05-19T01:43:20.365-04:00 DEBUG 22860 --- [notificador] [http-nio-8085-exec-3] c.m.n.controller.NotificacionController  : Solicitud de creación de notificaciones con los siguientes datos RequestEventoDTO(idTipoEvento=3, idUsuarioOrigen=13, idUsuarioDestino=[13])
2026-05-19T01:43:20.365-04:00 DEBUG 22860 --- [notificador] [http-nio-8085-exec-3] org.hibernate.SQL                        : 
    select
        tn1_0.id_tipo_notificacion,
        tn1_0.canal,
        tn1_0.descripcion,
        tn1_0.id_tipo_evento,
        tn1_0.plantilla_mensaje 
    from
        tipo_notificacion tn1_0 
    where
        tn1_0.id_tipo_evento=?
2026-05-19T01:43:20.383-04:00 DEBUG 22860 --- [notificador] [http-nio-8085-exec-3] org.hibernate.SQL                        : 
    insert 
    into
        notificacion
        (fecha_creacion, fecha_lectura, id_usuario_destino, id_usuario_origen, leido, mensaje, id_tipo_notificacion) 
    values
        (?, ?, ?, ?, ?, ?, ?)
2026-05-19T01:43:20.384-04:00 DEBUG 22860 --- [notificador] [http-nio-8085-exec-3] org.hibernate.SQL                        : 
    insert 
    into
        notificacion
        (fecha_creacion, fecha_lectura, id_usuario_destino, id_usuario_origen, leido, mensaje, id_tipo_notificacion) 
    values
        (?, ?, ?, ?, ?, ?, ?)
2026-05-19T01:43:20.390-04:00 DEBUG 22860 --- [notificador] [http-nio-8085-exec-3] c.m.n.controller.NotificacionController  : Norificaciones creadas [ResponseNotificacionDTO(idNotificacion=3, idUsuario=13, fecha=2026-05-19T01:43:20.383129, mensaje=Nuevo ejercicio generado, leido=false), ResponseNotificacionDTO(idNotificacion=4, idUsuario=13, fecha=2026-05-19T01:43:20.384655, mensaje=Felicidades Sam 1993, has generado un nuevo ejercicio, leido=false)] 
2026-05-19T01:43:20.507-04:00 DEBUG 22860 --- [notificador] [http-nio-8085-exec-4] c.m.n.controller.NotificacionController  : Solicitud de creación de notificaciones con los siguientes datos RequestEventoDTO(idTipoEvento=12, idUsuarioOrigen=13, idUsuarioDestino=[13])
2026-05-19T01:43:20.507-04:00 DEBUG 22860 --- [notificador] [http-nio-8085-exec-4] org.hibernate.SQL                        : 
    select
        tn1_0.id_tipo_notificacion,
        tn1_0.canal,
        tn1_0.descripcion,
        tn1_0.id_tipo_evento,
        tn1_0.plantilla_mensaje 
    from
        tipo_notificacion tn1_0 
    where
        tn1_0.id_tipo_evento=?
2026-05-19T01:43:20.528-04:00 DEBUG 22860 --- [notificador] [http-nio-8085-exec-4] org.hibernate.SQL                        : 
    insert 
    into
        notificacion
        (fecha_creacion, fecha_lectura, id_usuario_destino, id_usuario_origen, leido, mensaje, id_tipo_notificacion) 
    values
        (?, ?, ?, ?, ?, ?, ?)
2026-05-19T01:43:20.535-04:00 DEBUG 22860 --- [notificador] [http-nio-8085-exec-4] org.hibernate.SQL                        : 
    insert 
    into
        notificacion
        (fecha_creacion, fecha_lectura, id_usuario_destino, id_usuario_origen, leido, mensaje, id_tipo_notificacion) 
    values
        (?, ?, ?, ?, ?, ?, ?)
2026-05-19T01:43:20.537-04:00 DEBUG 22860 --- [notificador] [http-nio-8085-exec-4] c.m.n.controller.NotificacionController  : Norificaciones creadas [ResponseNotificacionDTO(idNotificacion=5, idUsuario=13, fecha=2026-05-19T01:43:20.528869, mensaje=¡Felicidades! Has completado un logro., leido=false), ResponseNotificacionDTO(idNotificacion=6, idUsuario=13, fecha=2026-05-19T01:43:20.535768, mensaje=¡Felicidades Sam 1993, has completado un logro!, leido=false)] 
2026-05-19T01:43:35.911-04:00  INFO 22860 --- [notificador] [http-nio-8085-exec-6] c.m.n.controller.NotificacionController  : Lista de notificaciones disponibles en DB solicitada
2026-05-19T01:43:35.931-04:00 DEBUG 22860 --- [notificador] [http-nio-8085-exec-6] org.hibernate.SQL                        : 
    select
        n1_0.id_notificacion,
        n1_0.fecha_creacion,
        n1_0.fecha_lectura,
        n1_0.id_usuario_destino,
        n1_0.id_usuario_origen,
        n1_0.leido,
        n1_0.mensaje,
        n1_0.id_tipo_notificacion 
    from
        notificacion n1_0
2026-05-19T01:43:35.937-04:00 DEBUG 22860 --- [notificador] [http-nio-8085-exec-6] org.hibernate.SQL                        : 
    select
        tn1_0.id_tipo_notificacion,
        tn1_0.canal,
        tn1_0.descripcion,
        tn1_0.id_tipo_evento,
        tn1_0.plantilla_mensaje 
    from
        tipo_notificacion tn1_0 
    where
        tn1_0.id_tipo_notificacion=?
2026-05-19T01:43:35.944-04:00 DEBUG 22860 --- [notificador] [http-nio-8085-exec-6] org.hibernate.SQL                        : 
    select
        tn1_0.id_tipo_notificacion,
        tn1_0.canal,
        tn1_0.descripcion,
        tn1_0.id_tipo_evento,
        tn1_0.plantilla_mensaje 
    from
        tipo_notificacion tn1_0 
    where
        tn1_0.id_tipo_notificacion=?
2026-05-19T01:43:35.946-04:00 DEBUG 22860 --- [notificador] [http-nio-8085-exec-6] org.hibernate.SQL                        : 
    select
        tn1_0.id_tipo_notificacion,
        tn1_0.canal,
        tn1_0.descripcion,
        tn1_0.id_tipo_evento,
        tn1_0.plantilla_mensaje 
    from
        tipo_notificacion tn1_0 
    where
        tn1_0.id_tipo_notificacion=?
2026-05-19T01:43:35.946-04:00 DEBUG 22860 --- [notificador] [http-nio-8085-exec-6] org.hibernate.SQL                        : 
    select
        tn1_0.id_tipo_notificacion,
        tn1_0.canal,
        tn1_0.descripcion,
        tn1_0.id_tipo_evento,
        tn1_0.plantilla_mensaje 
    from
        tipo_notificacion tn1_0 
    where
        tn1_0.id_tipo_notificacion=?
2026-05-19T01:43:35.951-04:00 DEBUG 22860 --- [notificador] [http-nio-8085-exec-6] org.hibernate.SQL                        : 
    select
        tn1_0.id_tipo_notificacion,
        tn1_0.canal,
        tn1_0.descripcion,
        tn1_0.id_tipo_evento,
        tn1_0.plantilla_mensaje 
    from
        tipo_notificacion tn1_0 
    where
        tn1_0.id_tipo_notificacion=?
2026-05-19T01:43:35.953-04:00 DEBUG 22860 --- [notificador] [http-nio-8085-exec-6] org.hibernate.SQL                        : 
    select
        tn1_0.id_tipo_notificacion,
        tn1_0.canal,
        tn1_0.descripcion,
        tn1_0.id_tipo_evento,
        tn1_0.plantilla_mensaje 
    from
        tipo_notificacion tn1_0 
    where
        tn1_0.id_tipo_notificacion=?
2026-05-19T01:43:35.954-04:00 DEBUG 22860 --- [notificador] [http-nio-8085-exec-6] c.m.n.controller.NotificacionController  : Lista de notificaciones encontrada, [ResponseNotificacionDTO(idNotificacion=1, idUsuario=13, fecha=2026-05-19T01:42:17.323938, mensaje=Tu suscripción ha sido activada, leido=false), ResponseNotificacionDTO(idNotificacion=2, idUsuario=13, fecha=2026-05-19T01:42:17.344787, mensaje=Hola Sam 1993, tu suscripción ha sido activada exitosamente, leido=false), ResponseNotificacionDTO(idNotificacion=3, idUsuario=13, fecha=2026-05-19T01:43:20.383129, mensaje=Nuevo ejercicio generado, leido=false), ResponseNotificacionDTO(idNotificacion=4, idUsuario=13, fecha=2026-05-19T01:43:20.384655, mensaje=Felicidades Sam 1993, has generado un nuevo ejercicio, leido=false), ResponseNotificacionDTO(idNotificacion=5, idUsuario=13, fecha=2026-05-19T01:43:20.528869, mensaje=¡Felicidades! Has completado un logro., leido=false), ResponseNotificacionDTO(idNotificacion=6, idUsuario=13, fecha=2026-05-19T01:43:20.535768, mensaje=¡Felicidades Sam 1993, has completado un logro!, leido=false)]
